▲ Next.js 16.2.11 (Turbopack)

  Creating an optimized production build ...
✓ Compiled successfully in 17.1s
  Running TypeScript ...
  Finished TypeScript in 14.4s ...
  Collecting page data using 7 workers ...
  Generating static pages using 7 workers (0/5) ...
  Generating static pages using 7 workers (1/5) 
  Generating static pages using 7 workers (2/5) 
  Generating static pages using 7 workers (3/5) 
✓ Generating static pages using 7 workers (5/5) in 1735ms
  Finalizing page optimization ...

Route (app)
┌ ○ /
├ ○ /_not-found
├ ○ /diet-plan
└ ƒ /restaurant/[name]


○  (Static)   prerendered as static content
ƒ  (Dynamic)  server-rendered on demand

