Watching for file changes with StatReloader
Internal Server Error: /api/restaurants/
Traceback (most recent call last):
  File "D:\foodiebot-project\venv\lib\site-packages\django\core\handlers\exception.py", line 55, in inner
    response = get_response(request)
  File "D:\foodiebot-project\venv\lib\site-packages\django\core\handlers\base.py", line 197, in _get_response
    response = wrapped_callback(request, *callback_args, **callback_kwargs)
  File "D:\foodiebot-project\venv\lib\site-packages\django\views\decorators\csrf.py", line 65, in _view_wrapper
    return view_func(request, *args, **kwargs)
  File "D:\foodiebot-project\venv\lib\site-packages\django\views\generic\base.py", line 105, in view
    return self.dispatch(request, *args, **kwargs)
  File "D:\foodiebot-project\venv\lib\site-packages\rest_framework\views.py", line 515, in dispatch
    response = self.handle_exception(exc)
  File "D:\foodiebot-project\venv\lib\site-packages\rest_framework\views.py", line 475, in handle_exception
    self.raise_uncaught_exception(exc)
  File "D:\foodiebot-project\venv\lib\site-packages\rest_framework\views.py", line 486, in raise_uncaught_exception
    raise exc
  File "D:\foodiebot-project\venv\lib\site-packages\rest_framework\views.py", line 512, in dispatch
    response = handler(request, *args, **kwargs)
  File "D:\foodiebot-project\venv\lib\site-packages\rest_framework\decorators.py", line 50, in handler
    return func(*args, **kwargs)
  File "d:\foodiebot-project\api\views.py", line 37, in restaurant_list
    all_restaurants = list(restaurants_collection.find({}, {"_id": 0}))
  File "D:\foodiebot-project\venv\lib\site-packages\pymongo\synchronous\cursor.py", line 1166, in __next__
    return self.next()
  File "D:\foodiebot-project\venv\lib\site-packages\pymongo\synchronous\cursor.py", line 1142, in next
    if len(self._data) or self._refresh():
  File "D:\foodiebot-project\venv\lib\site-packages\pymongo\synchronous\cursor.py", line 1090, in _refresh
    self._send_message(q)
  File "D:\foodiebot-project\venv\lib\site-packages\pymongo\synchronous\cursor.py", line 985, in _send_message
    response = client._run_operation(
  File "D:\foodiebot-project\venv\lib\site-packages\pymongo\_csot.py", line 125, in csot_wrapper
    return func(self, *args, **kwargs)
  File "D:\foodiebot-project\venv\lib\site-packages\pymongo\synchronous\mongo_client.py", line 1956, in _run_operation
    return self._retryable_read(
  File "D:\foodiebot-project\venv\lib\site-packages\pymongo\synchronous\mongo_client.py", line 2076, in _retryable_read
    return self._retry_internal(
  File "D:\foodiebot-project\venv\lib\site-packages\pymongo\_csot.py", line 125, in csot_wrapper
    return func(self, *args, **kwargs)
  File "D:\foodiebot-project\venv\lib\site-packages\pymongo\synchronous\mongo_client.py", line 2038, in _retry_internal
    ).run()
  File "D:\foodiebot-project\venv\lib\site-packages\pymongo\synchronous\mongo_client.py", line 2811, in run
    res = self._read() if self._is_read else self._write()
  File "D:\foodiebot-project\venv\lib\site-packages\pymongo\synchronous\mongo_client.py", line 3027, in _read
    self._server = self._get_server()
  File "D:\foodiebot-project\venv\lib\site-packages\pymongo\synchronous\mongo_client.py", line 2975, in _get_server
    return self._client._select_server(
  File "D:\foodiebot-project\venv\lib\site-packages\pymongo\synchronous\mongo_client.py", line 1851, in _select_server
    server = topology.select_server(
  File "D:\foodiebot-project\venv\lib\site-packages\pymongo\synchronous\topology.py", line 428, in select_server
    server = self._select_server(
  File "D:\foodiebot-project\venv\lib\site-packages\pymongo\synchronous\topology.py", line 402, in _select_server
    servers = self.select_servers(
  File "D:\foodiebot-project\venv\lib\site-packages\pymongo\synchronous\topology.py", line 298, in select_servers
    server_descriptions = self._select_servers_loop(
  File "D:\foodiebot-project\venv\lib\site-packages\pymongo\synchronous\topology.py", line 359, in _select_servers_loop
    raise ServerSelectionTimeoutError(
pymongo.errors.ServerSelectionTimeoutError: SSL handshake failed: ac-dbhmjdt-shard-00-01.i4nem8m.mongodb.net:27017: [SSL: TLSV1_ALERT_INTERNAL_ERROR] tlsv1 alert internal error (_ssl.c:997) (configured timeouts: socketTimeoutMS: 20000.0ms, connectTimeoutMS: 20000.0ms),SSL handshake failed: ac-dbhmjdt-shard-00-02.i4nem8m.mongodb.net:27017: [SSL: TLSV1_ALERT_INTERNAL_ERROR] tlsv1 alert internal error (_ssl.c:997) (configured timeouts: socketTimeoutMS: 20000.0ms, connectTimeoutMS: 20000.0ms),SSL handshake failed: ac-dbhmjdt-shard-00-00.i4nem8m.mongodb.net:27017: [SSL: TLSV1_ALERT_INTERNAL_ERROR] tlsv1 alert internal error (_ssl.c:997) (configured timeouts: socketTimeoutMS: 20000.0ms, connectTimeoutMS: 20000.0ms), Timeout: 30s, Topology Description: <TopologyDescription id: 6a6eb819ad3c4a3e198afeac, topology_type: ReplicaSetNoPrimary, servers: [<ServerDescription ('ac-dbhmjdt-shard-00-00.i4nem8m.mongodb.net', 27017) server_type: Unknown, rtt: None, error=AutoReconnect('SSL handshake failed: ac-dbhmjdt-shard-00-00.i4nem8m.mongodb.net:27017: [SSL: TLSV1_ALERT_INTERNAL_ERROR] tlsv1 alert internal error (_ssl.c:997) (configured timeouts: socketTimeoutMS: 20000.0ms, connectTimeoutMS: 20000.0ms)')>, <ServerDescription ('ac-dbhmjdt-shard-00-01.i4nem8m.mongodb.net', 27017) server_type: Unknown, rtt: None, error=AutoReconnect('SSL handshake failed: ac-dbhmjdt-shard-00-01.i4nem8m.mongodb.net:27017: [SSL: TLSV1_ALERT_INTERNAL_ERROR] tlsv1 alert internal error (_ssl.c:997) (configured timeouts: socketTimeoutMS: 20000.0ms, connectTimeoutMS: 20000.0ms)')>, <ServerDescription ('ac-dbhmjdt-shard-00-02.i4nem8m.mongodb.net', 27017) server_type: Unknown, rtt: None, error=AutoReconnect('SSL handshake failed: ac-dbhmjdt-shard-00-02.i4nem8m.mongodb.net:27017: [SSL: TLSV1_ALERT_INTERNAL_ERROR] tlsv1 alert internal error (_ssl.c:997) (configured timeouts: socketTimeoutMS: 20000.0ms, connectTimeoutMS: 20000.0ms)')>]>
[02/Aug/2026 08:53:38] "GET /api/restaurants/ HTTP/1.1" 500 192780
Internal Server Error: /api/restaurants/
Traceback (most recent call last):
  File "D:\foodiebot-project\venv\lib\site-packages\django\core\handlers\exception.py", line 55, in inner
    response = get_response(request)
  File "D:\foodiebot-project\venv\lib\site-packages\django\core\handlers\base.py", line 197, in _get_response
    response = wrapped_callback(request, *callback_args, **callback_kwargs)
  File "D:\foodiebot-project\venv\lib\site-packages\django\views\decorators\csrf.py", line 65, in _view_wrapper
    return view_func(request, *args, **kwargs)
  File "D:\foodiebot-project\venv\lib\site-packages\django\views\generic\base.py", line 105, in view
    return self.dispatch(request, *args, **kwargs)
  File "D:\foodiebot-project\venv\lib\site-packages\rest_framework\views.py", line 515, in dispatch
    response = self.handle_exception(exc)
  File "D:\foodiebot-project\venv\lib\site-packages\rest_framework\views.py", line 475, in handle_exception
    self.raise_uncaught_exception(exc)
  File "D:\foodiebot-project\venv\lib\site-packages\rest_framework\views.py", line 486, in raise_uncaught_exception
    raise exc
  File "D:\foodiebot-project\venv\lib\site-packages\rest_framework\views.py", line 512, in dispatch
    response = handler(request, *args, **kwargs)
  File "D:\foodiebot-project\venv\lib\site-packages\rest_framework\decorators.py", line 50, in handler
    return func(*args, **kwargs)
  File "d:\foodiebot-project\api\views.py", line 37, in restaurant_list
    all_restaurants = list(restaurants_collection.find({}, {"_id": 0}))
  File "D:\foodiebot-project\venv\lib\site-packages\pymongo\synchronous\cursor.py", line 1166, in __next__
    return self.next()
  File "D:\foodiebot-project\venv\lib\site-packages\pymongo\synchronous\cursor.py", line 1142, in next
    if len(self._data) or self._refresh():
  File "D:\foodiebot-project\venv\lib\site-packages\pymongo\synchronous\cursor.py", line 1090, in _refresh
    self._send_message(q)
  File "D:\foodiebot-project\venv\lib\site-packages\pymongo\synchronous\cursor.py", line 985, in _send_message
    response = client._run_operation(
  File "D:\foodiebot-project\venv\lib\site-packages\pymongo\_csot.py", line 125, in csot_wrapper
    return func(self, *args, **kwargs)
  File "D:\foodiebot-project\venv\lib\site-packages\pymongo\synchronous\mongo_client.py", line 1956, in _run_operation
    return self._retryable_read(
  File "D:\foodiebot-project\venv\lib\site-packages\pymongo\synchronous\mongo_client.py", line 2076, in _retryable_read
    return self._retry_internal(
  File "D:\foodiebot-project\venv\lib\site-packages\pymongo\_csot.py", line 125, in csot_wrapper
    return func(self, *args, **kwargs)
  File "D:\foodiebot-project\venv\lib\site-packages\pymongo\synchronous\mongo_client.py", line 2038, in _retry_internal
    ).run()
  File "D:\foodiebot-project\venv\lib\site-packages\pymongo\synchronous\mongo_client.py", line 2811, in run
    res = self._read() if self._is_read else self._write()
  File "D:\foodiebot-project\venv\lib\site-packages\pymongo\synchronous\mongo_client.py", line 3027, in _read
    self._server = self._get_server()
  File "D:\foodiebot-project\venv\lib\site-packages\pymongo\synchronous\mongo_client.py", line 2975, in _get_server
    return self._client._select_server(
  File "D:\foodiebot-project\venv\lib\site-packages\pymongo\synchronous\mongo_client.py", line 1851, in _select_server
    server = topology.select_server(
  File "D:\foodiebot-project\venv\lib\site-packages\pymongo\synchronous\topology.py", line 428, in select_server
    server = self._select_server(
  File "D:\foodiebot-project\venv\lib\site-packages\pymongo\synchronous\topology.py", line 402, in _select_server
    servers = self.select_servers(
  File "D:\foodiebot-project\venv\lib\site-packages\pymongo\synchronous\topology.py", line 298, in select_servers
    server_descriptions = self._select_servers_loop(
  File "D:\foodiebot-project\venv\lib\site-packages\pymongo\synchronous\topology.py", line 359, in _select_servers_loop
    raise ServerSelectionTimeoutError(
pymongo.errors.ServerSelectionTimeoutError: SSL handshake failed: ac-dbhmjdt-shard-00-01.i4nem8m.mongodb.net:27017: [SSL: TLSV1_ALERT_INTERNAL_ERROR] tlsv1 alert internal error (_ssl.c:997) (configured timeouts: socketTimeoutMS: 20000.0ms, connectTimeoutMS: 20000.0ms),SSL handshake failed: ac-dbhmjdt-shard-00-02.i4nem8m.mongodb.net:27017: [SSL: TLSV1_ALERT_INTERNAL_ERROR] tlsv1 alert internal error (_ssl.c:997) (configured timeouts: socketTimeoutMS: 20000.0ms, connectTimeoutMS: 20000.0ms),SSL handshake failed: ac-dbhmjdt-shard-00-00.i4nem8m.mongodb.net:27017: [SSL: TLSV1_ALERT_INTERNAL_ERROR] tlsv1 alert internal error (_ssl.c:997) (configured timeouts: socketTimeoutMS: 20000.0ms, connectTimeoutMS: 20000.0ms), Timeout: 30s, Topology Description: <TopologyDescription id: 6a6eb819ad3c4a3e198afeac, topology_type: ReplicaSetNoPrimary, servers: [<ServerDescription ('ac-dbhmjdt-shard-00-00.i4nem8m.mongodb.net', 27017) server_type: Unknown, rtt: None, error=AutoReconnect('SSL handshake failed: ac-dbhmjdt-shard-00-00.i4nem8m.mongodb.net:27017: [SSL: TLSV1_ALERT_INTERNAL_ERROR] tlsv1 alert internal error (_ssl.c:997) (configured timeouts: socketTimeoutMS: 20000.0ms, connectTimeoutMS: 20000.0ms)')>, <ServerDescription ('ac-dbhmjdt-shard-00-01.i4nem8m.mongodb.net', 27017) server_type: Unknown, rtt: None, error=AutoReconnect('SSL handshake failed: ac-dbhmjdt-shard-00-01.i4nem8m.mongodb.net:27017: [SSL: TLSV1_ALERT_INTERNAL_ERROR] tlsv1 alert internal error (_ssl.c:997) (configured timeouts: socketTimeoutMS: 20000.0ms, connectTimeoutMS: 20000.0ms)')>, <ServerDescription ('ac-dbhmjdt-shard-00-02.i4nem8m.mongodb.net', 27017) server_type: Unknown, rtt: None, error=AutoReconnect('SSL handshake failed: ac-dbhmjdt-shard-00-02.i4nem8m.mongodb.net:27017: [SSL: TLSV1_ALERT_INTERNAL_ERROR] tlsv1 alert internal error (_ssl.c:997) (configured timeouts: socketTimeoutMS: 20000.0ms, connectTimeoutMS: 20000.0ms)')>]>
[02/Aug/2026 08:54:19] "GET /api/restaurants/ HTTP/1.1" 500 192778
Internal Server Error: /api/restaurants/
Traceback (most recent call last):
  File "D:\foodiebot-project\venv\lib\site-packages\django\core\handlers\exception.py", line 55, in inner
    response = get_response(request)
  File "D:\foodiebot-project\venv\lib\site-packages\django\core\handlers\base.py", line 197, in _get_response
    response = wrapped_callback(request, *callback_args, **callback_kwargs)
  File "D:\foodiebot-project\venv\lib\site-packages\django\views\decorators\csrf.py", line 65, in _view_wrapper
    return view_func(request, *args, **kwargs)
  File "D:\foodiebot-project\venv\lib\site-packages\django\views\generic\base.py", line 105, in view
    return self.dispatch(request, *args, **kwargs)
  File "D:\foodiebot-project\venv\lib\site-packages\rest_framework\views.py", line 515, in dispatch
    response = self.handle_exception(exc)
  File "D:\foodiebot-project\venv\lib\site-packages\rest_framework\views.py", line 475, in handle_exception
    self.raise_uncaught_exception(exc)
  File "D:\foodiebot-project\venv\lib\site-packages\rest_framework\views.py", line 486, in raise_uncaught_exception
    raise exc
  File "D:\foodiebot-project\venv\lib\site-packages\rest_framework\views.py", line 512, in dispatch
    response = handler(request, *args, **kwargs)
  File "D:\foodiebot-project\venv\lib\site-packages\rest_framework\decorators.py", line 50, in handler
    return func(*args, **kwargs)
  File "d:\foodiebot-project\api\views.py", line 37, in restaurant_list
    all_restaurants = list(restaurants_collection.find({}, {"_id": 0}))
  File "D:\foodiebot-project\venv\lib\site-packages\pymongo\synchronous\cursor.py", line 1166, in __next__
    return self.next()
  File "D:\foodiebot-project\venv\lib\site-packages\pymongo\synchronous\cursor.py", line 1142, in next
    if len(self._data) or self._refresh():
  File "D:\foodiebot-project\venv\lib\site-packages\pymongo\synchronous\cursor.py", line 1090, in _refresh
    self._send_message(q)
  File "D:\foodiebot-project\venv\lib\site-packages\pymongo\synchronous\cursor.py", line 985, in _send_message
    response = client._run_operation(
  File "D:\foodiebot-project\venv\lib\site-packages\pymongo\_csot.py", line 125, in csot_wrapper
    return func(self, *args, **kwargs)
  File "D:\foodiebot-project\venv\lib\site-packages\pymongo\synchronous\mongo_client.py", line 1956, in _run_operation
    return self._retryable_read(
  File "D:\foodiebot-project\venv\lib\site-packages\pymongo\synchronous\mongo_client.py", line 2076, in _retryable_read
    return self._retry_internal(
  File "D:\foodiebot-project\venv\lib\site-packages\pymongo\_csot.py", line 125, in csot_wrapper
    return func(self, *args, **kwargs)
  File "D:\foodiebot-project\venv\lib\site-packages\pymongo\synchronous\mongo_client.py", line 2038, in _retry_internal
    ).run()
  File "D:\foodiebot-project\venv\lib\site-packages\pymongo\synchronous\mongo_client.py", line 2811, in run
    res = self._read() if self._is_read else self._write()
  File "D:\foodiebot-project\venv\lib\site-packages\pymongo\synchronous\mongo_client.py", line 3027, in _read
    self._server = self._get_server()
  File "D:\foodiebot-project\venv\lib\site-packages\pymongo\synchronous\mongo_client.py", line 2975, in _get_server
    return self._client._select_server(
  File "D:\foodiebot-project\venv\lib\site-packages\pymongo\synchronous\mongo_client.py", line 1851, in _select_server
    server = topology.select_server(
  File "D:\foodiebot-project\venv\lib\site-packages\pymongo\synchronous\topology.py", line 428, in select_server
    server = self._select_server(
  File "D:\foodiebot-project\venv\lib\site-packages\pymongo\synchronous\topology.py", line 402, in _select_server
    servers = self.select_servers(
  File "D:\foodiebot-project\venv\lib\site-packages\pymongo\synchronous\topology.py", line 298, in select_servers
    server_descriptions = self._select_servers_loop(
  File "D:\foodiebot-project\venv\lib\site-packages\pymongo\synchronous\topology.py", line 359, in _select_servers_loop
    raise ServerSelectionTimeoutError(
pymongo.errors.ServerSelectionTimeoutError: SSL handshake failed: ac-dbhmjdt-shard-00-01.i4nem8m.mongodb.net:27017: [SSL: TLSV1_ALERT_INTERNAL_ERROR] tlsv1 alert internal error (_ssl.c:997) (configured timeouts: socketTimeoutMS: 20000.0ms, connectTimeoutMS: 20000.0ms),SSL handshake failed: ac-dbhmjdt-shard-00-02.i4nem8m.mongodb.net:27017: [SSL: TLSV1_ALERT_INTERNAL_ERROR] tlsv1 alert internal error (_ssl.c:997) (configured timeouts: socketTimeoutMS: 20000.0ms, connectTimeoutMS: 20000.0ms),SSL handshake failed: ac-dbhmjdt-shard-00-00.i4nem8m.mongodb.net:27017: [SSL: TLSV1_ALERT_INTERNAL_ERROR] tlsv1 alert internal error (_ssl.c:997) (configured timeouts: socketTimeoutMS: 20000.0ms, connectTimeoutMS: 20000.0ms), Timeout: 30s, Topology Description: <TopologyDescription id: 6a6eb819ad3c4a3e198afeac, topology_type: ReplicaSetNoPrimary, servers: [<ServerDescription ('ac-dbhmjdt-shard-00-00.i4nem8m.mongodb.net', 27017) server_type: Unknown, rtt: None, error=AutoReconnect('SSL handshake failed: ac-dbhmjdt-shard-00-00.i4nem8m.mongodb.net:27017: [SSL: TLSV1_ALERT_INTERNAL_ERROR] tlsv1 alert internal error (_ssl.c:997) (configured timeouts: socketTimeoutMS: 20000.0ms, connectTimeoutMS: 20000.0ms)')>, <ServerDescription ('ac-dbhmjdt-shard-00-01.i4nem8m.mongodb.net', 27017) server_type: Unknown, rtt: None, error=AutoReconnect('SSL handshake failed: ac-dbhmjdt-shard-00-01.i4nem8m.mongodb.net:27017: [SSL: TLSV1_ALERT_INTERNAL_ERROR] tlsv1 alert internal error (_ssl.c:997) (configured timeouts: socketTimeoutMS: 20000.0ms, connectTimeoutMS: 20000.0ms)')>, <ServerDescription ('ac-dbhmjdt-shard-00-02.i4nem8m.mongodb.net', 27017) server_type: Unknown, rtt: None, error=AutoReconnect('SSL handshake failed: ac-dbhmjdt-shard-00-02.i4nem8m.mongodb.net:27017: [SSL: TLSV1_ALERT_INTERNAL_ERROR] tlsv1 alert internal error (_ssl.c:997) (configured timeouts: socketTimeoutMS: 20000.0ms, connectTimeoutMS: 20000.0ms)')>]>
[02/Aug/2026 08:54:44] "GET /api/restaurants/ HTTP/1.1" 500 192780
Internal Server Error: /api/restaurants/
Traceback (most recent call last):
  File "D:\foodiebot-project\venv\lib\site-packages\django\core\handlers\exception.py", line 55, in inner
    response = get_response(request)
  File "D:\foodiebot-project\venv\lib\site-packages\django\core\handlers\base.py", line 197, in _get_response
    response = wrapped_callback(request, *callback_args, **callback_kwargs)
  File "D:\foodiebot-project\venv\lib\site-packages\django\views\decorators\csrf.py", line 65, in _view_wrapper
    return view_func(request, *args, **kwargs)
  File "D:\foodiebot-project\venv\lib\site-packages\django\views\generic\base.py", line 105, in view
    return self.dispatch(request, *args, **kwargs)
  File "D:\foodiebot-project\venv\lib\site-packages\rest_framework\views.py", line 515, in dispatch
    response = self.handle_exception(exc)
  File "D:\foodiebot-project\venv\lib\site-packages\rest_framework\views.py", line 475, in handle_exception
    self.raise_uncaught_exception(exc)
  File "D:\foodiebot-project\venv\lib\site-packages\rest_framework\views.py", line 486, in raise_uncaught_exception
    raise exc
  File "D:\foodiebot-project\venv\lib\site-packages\rest_framework\views.py", line 512, in dispatch
    response = handler(request, *args, **kwargs)
  File "D:\foodiebot-project\venv\lib\site-packages\rest_framework\decorators.py", line 50, in handler
    return func(*args, **kwargs)
  File "d:\foodiebot-project\api\views.py", line 37, in restaurant_list
    all_restaurants = list(restaurants_collection.find({}, {"_id": 0}))
  File "D:\foodiebot-project\venv\lib\site-packages\pymongo\synchronous\cursor.py", line 1166, in __next__
    return self.next()
  File "D:\foodiebot-project\venv\lib\site-packages\pymongo\synchronous\cursor.py", line 1142, in next
    if len(self._data) or self._refresh():
  File "D:\foodiebot-project\venv\lib\site-packages\pymongo\synchronous\cursor.py", line 1090, in _refresh
    self._send_message(q)
  File "D:\foodiebot-project\venv\lib\site-packages\pymongo\synchronous\cursor.py", line 985, in _send_message
    response = client._run_operation(
  File "D:\foodiebot-project\venv\lib\site-packages\pymongo\_csot.py", line 125, in csot_wrapper
    return func(self, *args, **kwargs)
  File "D:\foodiebot-project\venv\lib\site-packages\pymongo\synchronous\mongo_client.py", line 1956, in _run_operation
    return self._retryable_read(
  File "D:\foodiebot-project\venv\lib\site-packages\pymongo\synchronous\mongo_client.py", line 2076, in _retryable_read
    return self._retry_internal(
  File "D:\foodiebot-project\venv\lib\site-packages\pymongo\_csot.py", line 125, in csot_wrapper
    return func(self, *args, **kwargs)
  File "D:\foodiebot-project\venv\lib\site-packages\pymongo\synchronous\mongo_client.py", line 2038, in _retry_internal
    ).run()
  File "D:\foodiebot-project\venv\lib\site-packages\pymongo\synchronous\mongo_client.py", line 2811, in run
    res = self._read() if self._is_read else self._write()
  File "D:\foodiebot-project\venv\lib\site-packages\pymongo\synchronous\mongo_client.py", line 3027, in _read
    self._server = self._get_server()
  File "D:\foodiebot-project\venv\lib\site-packages\pymongo\synchronous\mongo_client.py", line 2975, in _get_server
    return self._client._select_server(
  File "D:\foodiebot-project\venv\lib\site-packages\pymongo\synchronous\mongo_client.py", line 1851, in _select_server
    server = topology.select_server(
  File "D:\foodiebot-project\venv\lib\site-packages\pymongo\synchronous\topology.py", line 428, in select_server
    server = self._select_server(
  File "D:\foodiebot-project\venv\lib\site-packages\pymongo\synchronous\topology.py", line 402, in _select_server
    servers = self.select_servers(
  File "D:\foodiebot-project\venv\lib\site-packages\pymongo\synchronous\topology.py", line 298, in select_servers
    server_descriptions = self._select_servers_loop(
  File "D:\foodiebot-project\venv\lib\site-packages\pymongo\synchronous\topology.py", line 359, in _select_servers_loop
    raise ServerSelectionTimeoutError(
pymongo.errors.ServerSelectionTimeoutError: SSL handshake failed: ac-dbhmjdt-shard-00-01.i4nem8m.mongodb.net:27017: [SSL: TLSV1_ALERT_INTERNAL_ERROR] tlsv1 alert internal error (_ssl.c:997) (configured timeouts: socketTimeoutMS: 20000.0ms, connectTimeoutMS: 20000.0ms),SSL handshake failed: ac-dbhmjdt-shard-00-02.i4nem8m.mongodb.net:27017: [SSL: TLSV1_ALERT_INTERNAL_ERROR] tlsv1 alert internal error (_ssl.c:997) (configured timeouts: socketTimeoutMS: 20000.0ms, connectTimeoutMS: 20000.0ms),SSL handshake failed: ac-dbhmjdt-shard-00-00.i4nem8m.mongodb.net:27017: [SSL: TLSV1_ALERT_INTERNAL_ERROR] tlsv1 alert internal error (_ssl.c:997) (configured timeouts: socketTimeoutMS: 20000.0ms, connectTimeoutMS: 20000.0ms), Timeout: 30s, Topology Description: <TopologyDescription id: 6a6eb819ad3c4a3e198afeac, topology_type: ReplicaSetNoPrimary, servers: [<ServerDescription ('ac-dbhmjdt-shard-00-00.i4nem8m.mongodb.net', 27017) server_type: Unknown, rtt: None, error=AutoReconnect('SSL handshake failed: ac-dbhmjdt-shard-00-00.i4nem8m.mongodb.net:27017: [SSL: TLSV1_ALERT_INTERNAL_ERROR] tlsv1 alert internal error (_ssl.c:997) (configured timeouts: socketTimeoutMS: 20000.0ms, connectTimeoutMS: 20000.0ms)')>, <ServerDescription ('ac-dbhmjdt-shard-00-01.i4nem8m.mongodb.net', 27017) server_type: Unknown, rtt: None, error=AutoReconnect('SSL handshake failed: ac-dbhmjdt-shard-00-01.i4nem8m.mongodb.net:27017: [SSL: TLSV1_ALERT_INTERNAL_ERROR] tlsv1 alert internal error (_ssl.c:997) (configured timeouts: socketTimeoutMS: 20000.0ms, connectTimeoutMS: 20000.0ms)')>, <ServerDescription ('ac-dbhmjdt-shard-00-02.i4nem8m.mongodb.net', 27017) server_type: Unknown, rtt: None, error=AutoReconnect('SSL handshake failed: ac-dbhmjdt-shard-00-02.i4nem8m.mongodb.net:27017: [SSL: TLSV1_ALERT_INTERNAL_ERROR] tlsv1 alert internal error (_ssl.c:997) (configured timeouts: socketTimeoutMS: 20000.0ms, connectTimeoutMS: 20000.0ms)')>]>
[02/Aug/2026 08:55:22] "GET /api/restaurants/ HTTP/1.1" 500 192779
D:\foodiebot-project\api\db.py changed, reloading.
Performing system checks...

MongoDB connected successfully!
System check identified no issues (0 silenced).

You have 18 unapplied migration(s). Your project may not work properly until you apply the migrations for app(s): admin, auth, contenttypes, sessions.
Run 'python manage.py migrate' to apply them.
August 02, 2026 - 08:53:06
Django version 5.2.16, using settings 'foodiebot_core.settings'
Starting development server at http://127.0.0.1:8000/
Quit the server with CTRL-BREAK.

WARNING: This is a development server. Do not use it in a production setting. Use a production WSGI or ASGI server instead.
For more information on production servers see: https://docs.djangoproject.com/en/5.2/howto/deployment/
Watching for file changes with StatReloader
D:\foodiebot-project\api\db.py changed, reloading.
Performing system checks...

MongoDB connected successfully!
System check identified no issues (0 silenced).

You have 18 unapplied migration(s). Your project may not work properly until you apply the migrations for app(s): admin, auth, contenttypes, sessions.
Run 'python manage.py migrate' to apply them.
August 02, 2026 - 09:08:06
Django version 5.2.16, using settings 'foodiebot_core.settings'
Starting development server at http://127.0.0.1:8000/
Quit the server with CTRL-BREAK.

WARNING: This is a development server. Do not use it in a production setting. Use a production WSGI or ASGI server instead.
For more information on production servers see: https://docs.djangoproject.com/en/5.2/howto/deployment/
Watching for file changes with StatReloader
D:\foodiebot-project\api\views.py changed, reloading.
Performing system checks...

System check identified no issues (0 silenced).

You have 18 unapplied migration(s). Your project may not work properly until you apply the migrations for app(s): admin, auth, contenttypes, sessions.
Run 'python manage.py migrate' to apply them.
August 02, 2026 - 09:08:14
Django version 5.2.16, using settings 'foodiebot_core.settings'
Starting development server at http://127.0.0.1:8000/
Quit the server with CTRL-BREAK.

WARNING: This is a development server. Do not use it in a production setting. Use a production WSGI or ASGI server instead.
For more information on production servers see: https://docs.djangoproject.com/en/5.2/howto/deployment/
Watching for file changes with StatReloader
[02/Aug/2026 09:10:10] "GET /api/restaurants/ HTTP/1.1" 200 640
[02/Aug/2026 09:10:44] "GET /api/restaurants/Mumbai%20Macro%20Meals/reviews/ HTTP/1.1" 200 61
[02/Aug/2026 09:13:55] "GET /api/restaurants HTTP/1.1" 301 0
[02/Aug/2026 09:16:04] "GET /api/restaurants HTTP/1.1" 301 0
[02/Aug/2026 09:16:35] "GET /api/restaurants/ HTTP/1.1" 200 640
[02/Aug/2026 09:18:31] "GET /api/restaurants?search= HTTP/1.1" 301 0
[02/Aug/2026 09:20:42] "GET /api/restaurants HTTP/1.1" 301 0
[02/Aug/2026 09:23:49] "GET /api/restaurants HTTP/1.1" 301 0
[02/Aug/2026 09:23:49] "GET /api/restaurants HTTP/1.1" 301 0
[02/Aug/2026 09:23:50] "GET /api/restaurants/Mumbai%20Macro%20Meals/reviews HTTP/1.1" 301 0
[02/Aug/2026 09:24:41] "GET /api/restaurants HTTP/1.1" 301 0
[02/Aug/2026 09:24:41] "GET /api/restaurants HTTP/1.1" 301 0
[02/Aug/2026 09:24:41] "GET /api/restaurants/Mumbai%20Macro%20Meals/reviews HTTP/1.1" 301 0
[02/Aug/2026 09:32:34] "GET /api/restaurants/ HTTP/1.1" 200 640
[02/Aug/2026 09:32:34] "GET /api/restaurants/ HTTP/1.1" 200 640
[02/Aug/2026 09:32:34] "GET /api/restaurants/Mumbai%20Macro%20Meals/reviews/ HTTP/1.1" 200 61
[02/Aug/2026 09:33:33] "GET /api/restaurants/ HTTP/1.1" 200 640
[02/Aug/2026 09:34:33] "GET /api/restaurants/Mumbai%20Macro%20Meals/reviews/ HTTP/1.1" 200 61
